<testsuites name="results">
  <testsuite name="all" package="all">
    <property name="random_seed" value="1743577070" />
    <testcase name="test_nand_gate" classname="test_nand" file="/home/mirafra/PycharmProjects/EDA/test_nand.py" lineno="4" time="0.0005474090576171875" sim_time_ns="40.001" ratio_time="73073.32504529617" />
  </testsuite>
</testsuites>
